C:\Users\madhu\AppData\Local\Packages\PythonSoftwareFoundation.Python.3.12_qbz5n2kfra8p0\LocalCache\local-packages\Python312\site-packages\sqlalchemy\sql\schema.py:3625: DeprecationWarning: datetime.datetime.utcnow() is deprecated and scheduled for removal in a future version. Use timezone-aware objects to represent datetimes in UTC: datetime.datetime.now(datetime.UTC).
  return util.wrap_callable(lambda ctx: fn(), fn)  # type: ignore
C:\Users\madhu\OneDrive\Desktop\abc\app.py:18: LegacyAPIWarning: The Query.get() method is considered legacy as of the 1.x series of SQLAlchemy and becomes a legacy construct in 2.0. The method is now available as Session.get() (deprecated since: 2.0) (Background on SQLAlchemy 2.0 at: https://sqlalche.me/e/b8d9)
  return User.query.get(int(user_id))
F
======================================================================
FAIL: test_full_flow (__main__.SmartReviseTestCase.test_full_flow)
----------------------------------------------------------------------
Traceback (most recent call last):
  File "C:\Users\madhu\OneDrive\Desktop\abc\verify_app.py", line 60, in test_full_flow
    self.assertIn(b'Login Successful', resp.data)
AssertionError: b'Login Successful' not found in b'<!DOCTYPE html>\n<html lang="en">\n\n<head>\n    <meta charset="UTF-8">\n    <meta name="viewport" content="width=device-width, initial-scale=1.0">\n    <title>Dashboard - SmartRevise AI</title>\n    <!-- Bootstrap CSS -->\n    <link href="https://cdn.jsdelivr.net/npm/bootstrap@5.3.0/dist/css/bootstrap.min.css" rel="stylesheet">\n    <!-- Google Fonts -->\n    <link href="https://fonts.googleapis.com/css2?family=Inter:wght@300;400;600;700&display=swap" rel="stylesheet">\n    <!-- Custom CSS -->\n    <link rel="stylesheet" href="/static/css/style.css">\n    <!-- Font Awesome -->\n    <link rel="stylesheet" href="https://cdnjs.cloudflare.com/ajax/libs/font-awesome/6.4.0/css/all.min.css">\n</head>\n\n<body>\n\n    <!-- Navbar -->\n    <nav class="navbar navbar-expand-lg navbar-dark fixed-top">\n        <div class="container">\n            <a class="navbar-brand fw-bold" href="/">\n                <i class="fas fa-brain me-2"></i>SmartRevise AI\n            </a>\n            <button class="navbar-toggler" type="button" data-bs-toggle="collapse" data-bs-target="#navbarNav">\n                <span class="navbar-toggler-icon"></span>\n            </button>\n            <div class="collapse navbar-collapse" id="navbarNav">\n                <ul class="navbar-nav ms-auto">\n                    <li class="nav-item">\n                        <a class="nav-link" href="/">Home</a>\n                    </li>\n                    <li class="nav-item">\n                        <a class="nav-link" href="#features">Features</a>\n                    </li>\n                    \n                    <li class="nav-item">\n                        <a class="nav-link" href="/dashboard">Dashboard</a>\n                    </li>\n                    <li class="nav-item">\n                        <a class="nav-link btn btn-outline-danger px-4 ms-2 text-white" href="/logout"\n                            style="border-color: rgba(220, 53, 69, 0.5);">Logout</a>\n                    </li>\n                    \n                </ul>\n            </div>\n        </div>\n    </nav>\n\n    <!-- Content Block -->\n    <div class="content-wrapper">\n        \n<div class="container mb-5">\n    <div class="dashboard-header text-center fade-in">\n        <h1 class="fw-bold">Hello, Test User!</h1>\n        <p class="text-muted">Track your progress and start a new learning session.</p>\n        <a href="/logout" class="btn btn-sm btn-outline-danger mt-3">Logout</a>\n    </div>\n\n    <!-- Stats Row -->\n    <div class="row g-4 mb-5 fade-in delay-1">\n        <div class="col-md-4">\n            <div class="stat-card">\n                <div class="stat-number">0</div>\n                <div class="text-muted">Revision Notes</div>\n            </div>\n        </div>\n        <div class="col-md-4">\n            <div class="stat-card">\n                <div class="stat-number">0%</div>\n                <div class="text-muted">Average MCQ Score</div>\n            </div>\n        </div>\n        <div class="col-md-4">\n            <div class="stat-card">\n                <div class="stat-number">0</div>\n                <div class="text-muted">Activity Score</div>\n            </div>\n        </div>\n    </div>\n\n    <!-- Actions Row -->\n    <div class="row g-4 fade-in delay-2">\n        <div class="col-md-4">\n            <a href="/revision" class="action-card">\n                <i class="fas fa-book-open action-icon text-primary"></i>\n                <h3>Generate Notes</h3>\n                <p class="text-muted small">Create AI-powered summary notes for any topic.</p>\n            </a>\n        </div>\n        <div class="col-md-4">\n            <a href="/mcq" class="action-card">\n                <i class="fas fa-clipboard-list action-icon text-info"></i>\n                <h3>Practice MCQs</h3>\n                <p class="text-muted small">Take a quiz to test your understanding.</p>\n            </a>\n        </div>\n        <div class="col-md-4">\n            <a href="/coding" class="action-card">\n                <i class="fas fa-laptop-code action-icon text-success"></i>\n                <h3>Coding Practice</h3>\n                <p class="text-muted small">Solve programming challenges with AI feedback.</p>\n            </a>\n        </div>\n    </div>\n</div>\n\n    </div>\n\n    <!-- Footer -->\n    <footer class="text-center py-4 text-light">\n        <div class="container">\n            <p class="mb-0">&copy; 2026 SmartRevise AI. All rights reserved.</p>\n            <small class="text-white-50">Empowering Learning with Artificial Intelligence</small>\n        </div>\n    </footer>\n\n    <!-- Bootstrap JS -->\n    <script src="https://cdn.jsdelivr.net/npm/bootstrap@5.3.0/dist/js/bootstrap.bundle.min.js"></script>\n    <!-- Custom JS -->\n    <script src="/static/js/script.js"></script>\n</body>\n\n</html>'

----------------------------------------------------------------------
Ran 1 test in 0.488s

FAILED (failures=1)
DEBUG: User found: Test User, test@example.com, Password Hash: $2b$12$y.iQed2W12B9u7xRRyXlJeMir88A96Qn3gkydY2UogNyNKq.JWNJ2
DEBUG: Login failed. Response data snippet:
<!DOCTYPE html>
<html lang="en">

<head>
    <meta charset="UTF-8">
    <meta name="viewport" content="width=device-width, initial-scale=1.0">
    <title>Dashboard - SmartRevise AI</title>
    <!-- Bootstrap CSS -->
    <link href="https://cdn.jsdelivr.net/npm/bootstrap@5.3.0/dist/css/bootstrap.min.css" rel="stylesheet">
    <!-- Google Fonts -->
    <link href="https://fonts.googleapis.com/css2?family=Inter:wght@300;400;600;700&display=swap" rel="stylesheet">
    <!-- Custom CSS -->
    <link rel="stylesheet" href="/static/css/style.css">
    <!-- Font Awesome -->
    <link rel="stylesheet" href="https://cdnjs.cloudflare.com/ajax/libs/font-awesome/6.4.0/css/all.min.css">
</head>

<body>

    <!-- Navbar -->
    <nav class="navbar navbar-expand-lg navbar-dark fixed-top">
        <div class="container">
            <a class="navbar-brand fw-bold" href="/">
                <i class="fas fa-brain me-2"></i>SmartRevise AI
            </a>
            <button class="navbar-toggler" type="button" data-bs-toggle="collapse" data-bs-target="#navbarNav">
                <span class="navbar-toggler-icon"></span>
            </button>
            <div class="collapse navbar-collapse" id="navbarNav">
                <ul class="navbar-nav ms-auto">
                    <li class="nav-item">
                        <a class="nav-link" href="/">Home</a>
                    </li>
                    <li class="nav-item">
                        <a class="nav-link" href="#features">Features</a>
                    </li>
                    
                    <li class="nav-item">
                        <a class="nav-link" href="/dashboard">Dashboard</a>
                    </li>
                    <li class="nav-item">
                        <a class="nav-link btn btn-outline-danger px-4 ms-2 text-white" href="/logout"
                            style="border-color: rgba(220, 53, 69, 0.5);">Logout</a>
                    </li>
                    
                </ul>
            </div>
        </div>
    </nav>

    <!-- Content Block -->
    <div class="content-wrapper">
        
<div class="container mb-5">
    <div class="dashboard-header text-center fade-in">
        <h1 class="fw-bold">Hello, Test User!</h1>
        <p class="text-muted">Track your progress and start a new learning session.</p>
        <a href="/logout" class="btn btn-sm btn-outline-danger mt-3">Logout</a>
    </div>

    <!-- Stats Row -->
    <div class="row g-4 mb-5 fade-in delay-1">
        <div class="col-md-4">
            <div class="stat-card">
                <div class="stat-number">0</div>
                <div class="text-muted">Revision Notes</div>
            </div>
        </div>
        <div class="col-md-4">
            <div class="stat-card">
                <div class="stat-number">0%</div>
                <div class="text-muted">Average MCQ Score</div>
            </div>
        </div>
        <div class="col-md-4">
            <div class="stat-card">
                <div class="stat-number">0</div>
                <div class="text-muted">Activity Score</div>
            </div>
        </div>
    </div>

    <!-- Actions Row -->
    <div class="row g-4 fade-in delay-2">
        <div class="col-md-4">
            <a href="/revision" class="action-card">
                <i class="fas fa-book-open action-icon text-primary"></i>
                <h3>Generate Notes</h3>
                <p class="text-muted small">Create AI-powered summary notes for any topic.</p>
            </a>
        </div>
        <div class="col-md-4">
            <a href="/mcq" class="action-card">
                <i class="fas fa-clipboard-list action-icon text-info"></i>
                <h3>Practice MCQs</h3>
                <p class="text-muted small">Take a quiz to test your understanding.</p>
            </a>
        </div>
        <div class="col-md-4">
            <a href="/coding" class="action-card">
                <i class="fas fa-laptop-code action-icon text-success"></i>
                <h3>Coding Practice</h3>
                <p class="text-muted small">Solve programming challenges with AI feedback.</p>
            </a>
        </div>
    </div>
</div>

    </div>

    <!-- Footer -->
    <footer class="text-center py-4 text-light">
        <div class="container">
            <p class="mb-0">&copy; 2026 SmartRevise AI. All rights reserved.</p>
            <small class="text-white-50">Empowering Learning with Artificial Intelligence</small>
        </div>
    </footer>

    <!-- Bootstrap JS -->
    <script src="https://cdn.jsdelivr.net/npm/bootstrap@5.3.0/dist/js/bootstrap.bundle.min.js"></script>
    <!-- Custom JS -->
    <script src="/static/js/script.js"></script>
</body>

</html>
